// Vitest Snapshot v1, https://vitest.dev/guide/snapshot.html

exports[`ChatMessages > should render the chat messages component correctly 1`] = `
"<div class="flex-1 overflow-y-auto p-4">
  <div class="flex flex-col space-y-2">
    <!-- Messages go here -->
    <!-- Example Message -->
    <div class="flex justify-end">
      <div class="bg-blue-200 text-black p-2 rounded-lg max-w-xs">Hello, world!</div>
    </div><!-- Example Received Message -->
    <div class="flex">
      <div class="bg-gray-300 text-black p-2 rounded-lg max-w-xs"><span class="capitalize">Hello, world!</span><img src="https://via.placeholder.com/150" alt="YesNoImage" class="w-52 h-52 object-cover rounded-md"></div>
    </div>
  </div>
</div>"
`;
